// Jest Snapshot v1, https://goo.gl/fbAQLP

exports[`<ActiveCampaignOverviewItem /> renders and matches snapshot 1`] = `
<div
  class="makeStyles-root-1"
>
  <div
    class="makeStyles-imageContainer-2"
  >
    <img
      alt="Score"
      class="makeStyles-image-3"
      src="[object Object]"
    />
  </div>
  <div
    class="makeStyles-metaContainer-4"
  >
    <p
      class="MuiTypography-root makeStyles-caption-5 MuiTypography-body1"
    >
      bb
    </p>
    <h2
      class="MuiTypography-root makeStyles-title-6 MuiTypography-h2"
    >
      cc
    </h2>
    <p
      class="MuiTypography-root MuiTypography-body1"
    >
      dd
    </p>
  </div>
</div>
`;
