// Jest Snapshot v1, https://goo.gl/fbAQLP

exports[`<CreateDigitalDocModal /> renders and matches snapshot 1`] = `
<div
  class="makeStyles-root-1"
>
  <div
    class="MuiDialogTitle-root makeStyles-title-2"
  >
    <h1
      class="MuiTypography-root makeStyles-header-3 MuiTypography-h1"
    >
      Select your own file
    </h1>
  </div>
  <form
    class="makeStyles-container-5"
  >
    <div
      class="MuiDialogContent-root"
    >
      <div
        class="makeStyles-root-39"
      >
        <p
          class="MuiTypography-root MuiTypography-body1"
        >
          Score
        </p>
        <div
          class="MuiFormControl-root MuiTextField-root MuiFormControl-fullWidth"
        >
          <div
            class="MuiInputBase-root MuiFilledInput-root MuiInputBase-fullWidth MuiInputBase-formControl MuiInputBase-adornedEnd MuiFilledInput-adornedEnd"
          >
            <input
              aria-invalid="false"
              class="MuiInputBase-input MuiFilledInput-input MuiInputBase-inputAdornedEnd MuiFilledInput-inputAdornedEnd"
              name="url"
              required=""
              type="url"
              value=""
            />
            <div
              class="MuiInputAdornment-root MuiInputAdornment-filled MuiInputAdornment-positionEnd"
            >
              <button
                class="MuiButtonBase-root MuiIconButton-root"
                tabindex="0"
                type="button"
              >
                <span
                  class="MuiIconButton-label"
                >
                  <svg
                    aria-hidden="true"
                    class="MuiSvgIcon-root"
                    focusable="false"
                    role="presentation"
                    viewBox="0 0 24 24"
                  >
                    <path
                      d="M12 2C6.47 2 2 6.47 2 12s4.47 10 10 10 10-4.47 10-10S17.53 2 12 2zm5 13.59L15.59 17 12 13.41 8.41 17 7 15.59 10.59 12 7 8.41 8.41 7 12 10.59 15.59 7 17 8.41 13.41 12 17 15.59z"
                    />
                  </svg>
                </span>
                <span
                  class="MuiTouchRipple-root"
                />
              </button>
            </div>
          </div>
        </div>
      </div>
      <div
        class="makeStyles-root-39"
      >
        <p
          class="MuiTypography-root MuiTypography-body1"
        >
          Thumbnail
        </p>
        <div
          class="MuiFormControl-root MuiTextField-root MuiFormControl-fullWidth"
        >
          <div
            class="MuiInputBase-root MuiFilledInput-root MuiInputBase-fullWidth MuiInputBase-formControl MuiInputBase-adornedEnd MuiFilledInput-adornedEnd"
          >
            <input
              aria-invalid="false"
              class="MuiInputBase-input MuiFilledInput-input MuiInputBase-inputAdornedEnd MuiFilledInput-inputAdornedEnd"
              name="thumbnailUrl"
              required=""
              type="text"
              value=""
            />
            <div
              class="MuiInputAdornment-root MuiInputAdornment-filled MuiInputAdornment-positionEnd"
            >
              <button
                class="MuiButtonBase-root MuiIconButton-root"
                tabindex="0"
                type="button"
              >
                <span
                  class="MuiIconButton-label"
                >
                  <svg
                    aria-hidden="true"
                    class="MuiSvgIcon-root"
                    focusable="false"
                    role="presentation"
                    viewBox="0 0 24 24"
                  >
                    <path
                      d="M12 2C6.47 2 2 6.47 2 12s4.47 10 10 10 10-4.47 10-10S17.53 2 12 2zm5 13.59L15.59 17 12 13.41 8.41 17 7 15.59 10.59 12 7 8.41 8.41 7 12 10.59 15.59 7 17 8.41 13.41 12 17 15.59z"
                    />
                  </svg>
                </span>
                <span
                  class="MuiTouchRipple-root"
                />
              </button>
            </div>
          </div>
        </div>
      </div>
      <div
        class="makeStyles-root-39"
      >
        <p
          class="MuiTypography-root MuiTypography-body1"
        >
          Score title
        </p>
        <div
          class="MuiFormControl-root MuiTextField-root MuiFormControl-fullWidth"
        >
          <div
            class="MuiInputBase-root MuiFilledInput-root MuiInputBase-fullWidth MuiInputBase-formControl"
          >
            <input
              aria-invalid="false"
              class="MuiInputBase-input MuiFilledInput-input"
              name="title"
              required=""
              type="text"
              value=""
            />
          </div>
        </div>
      </div>
      <div
        class="makeStyles-root-39"
      >
        <p
          class="MuiTypography-root MuiTypography-body1"
        >
          Editor
        </p>
        <div
          class="MuiFormControl-root MuiTextField-root MuiFormControl-fullWidth"
        >
          <div
            class="MuiInputBase-root MuiFilledInput-root MuiInputBase-fullWidth MuiInputBase-formControl"
          >
            <input
              aria-invalid="false"
              class="MuiInputBase-input MuiFilledInput-input"
              name="creator"
              type="text"
              value=""
            />
          </div>
        </div>
      </div>
      <div
        class="makeStyles-root-39"
      >
        <p
          class="MuiTypography-root MuiTypography-body1"
        >
          Publisher
        </p>
        <div
          class="MuiFormControl-root MuiTextField-root MuiFormControl-fullWidth"
        >
          <div
            class="MuiInputBase-root MuiFilledInput-root MuiInputBase-fullWidth MuiInputBase-formControl"
          >
            <input
              aria-invalid="false"
              class="MuiInputBase-input MuiFilledInput-input"
              type="text"
              value=""
            />
          </div>
        </div>
      </div>
      <div
        class="makeStyles-root-39"
      >
        <p
          class="MuiTypography-root MuiTypography-body1"
        >
          Copyright license
        </p>
        <div
          class="MuiFormControl-root MuiTextField-root MuiFormControl-fullWidth"
        >
          <div
            class="MuiInputBase-root MuiFilledInput-root MuiInputBase-fullWidth MuiInputBase-formControl"
          >
            <div
              aria-haspopup="listbox"
              aria-labelledby=" mui-component-select-license"
              class="MuiSelect-root MuiSelect-select MuiSelect-selectMenu MuiSelect-filled MuiInputBase-input MuiFilledInput-input"
              id="mui-component-select-license"
              role="button"
              tabindex="0"
            >
              <span>
                ​
              </span>
            </div>
            <input
              name="license"
              type="hidden"
              value=""
            />
            <svg
              aria-hidden="true"
              class="MuiSvgIcon-root MuiSelect-icon MuiSelect-iconFilled"
              focusable="false"
              role="presentation"
              viewBox="0 0 24 24"
            >
              <path
                d="M7 10l5 5 5-5z"
              />
            </svg>
          </div>
        </div>
      </div>
      <div
        class="makeStyles-root-39"
      >
        <p
          class="MuiTypography-root MuiTypography-body1"
        >
          Language
        </p>
        <div
          class="MuiFormControl-root MuiTextField-root MuiFormControl-fullWidth"
        >
          <div
            class="MuiInputBase-root MuiFilledInput-root MuiInputBase-fullWidth MuiInputBase-formControl"
          >
            <div
              aria-haspopup="listbox"
              aria-labelledby=" mui-component-select-language"
              class="MuiSelect-root MuiSelect-select MuiSelect-selectMenu MuiSelect-filled MuiInputBase-input MuiFilledInput-input"
              id="mui-component-select-language"
              role="button"
              tabindex="0"
            >
              <span>
                ​
              </span>
            </div>
            <input
              name="language"
              type="hidden"
              value=""
            />
            <svg
              aria-hidden="true"
              class="MuiSvgIcon-root MuiSelect-icon MuiSelect-iconFilled"
              focusable="false"
              role="presentation"
              viewBox="0 0 24 24"
            >
              <path
                d="M7 10l5 5 5-5z"
              />
            </svg>
          </div>
        </div>
      </div>
      <div
        class="makeStyles-root-39"
      >
        <p
          class="MuiTypography-root MuiTypography-body1"
        >
          Miscellaneous Notes
        </p>
        <div
          class="MuiFormControl-root MuiTextField-root MuiFormControl-fullWidth"
        >
          <div
            class="MuiInputBase-root MuiFilledInput-root MuiInputBase-fullWidth MuiInputBase-formControl MuiInputBase-multiline MuiFilledInput-multiline"
          >
            <textarea
              aria-invalid="false"
              class="MuiInputBase-input MuiFilledInput-input MuiInputBase-inputMultiline MuiFilledInput-inputMultiline"
              name="description"
              required=""
              rows="3"
            />
          </div>
        </div>
      </div>
    </div>
    <div
      class="MuiDialogActions-root MuiDialogActions-spacing"
    >
      <div>
        <button
          class="MuiButtonBase-root MuiButton-root MuiButton-contained MuiButton-containedPrimary"
          tabindex="0"
          type="submit"
        >
          <span
            class="MuiButton-label"
          >
            Upload
          </span>
          <span
            class="MuiTouchRipple-root"
          />
        </button>
      </div>
    </div>
  </form>
</div>
`;
