// Jest Snapshot v1, https://goo.gl/fbAQLP

exports[`<AppbarTop /> renders and matches snapshot 1`] = `
<header
  class="MuiPaper-root MuiAppBar-root MuiAppBar-positionRelative MuiAppBar-colorPrimary MuiPaper-elevation4"
>
  <div
    class="MuiToolbar-root MuiToolbar-dense makeStyles-dense-1 makeStyles-mobile-3 MuiToolbar-gutters"
  >
    <div
      class="makeStyles-hamburger-4"
    />
    <a
      href="/"
    >
      <img
        alt="Trompa logo"
        class="makeStyles-logo-2"
        src="logo.png"
      />
    </a>
  </div>
</header>
`;
