// Jest Snapshot v1, https://goo.gl/fbAQLP

exports[`<ProgressStepper /> renders and matches snapshot 1`] = `
<div
  class="makeStyles-root-1"
>
  <div
    class="MuiPaper-root MuiStepper-root MuiStepper-horizontal MuiStepper-alternativeLabel MuiPaper-elevation0"
  >
    <div
      class="MuiStep-root MuiStep-horizontal MuiStep-alternativeLabel"
    >
      <span
        class="MuiStepLabel-root MuiStepLabel-horizontal MuiStepLabel-alternativeLabel"
      >
        <span
          class="MuiStepLabel-iconContainer MuiStepLabel-alternativeLabel"
        >
          <div
            class="makeStyles-root-6"
          >
            <div
              class="makeStyles-circle-7 makeStyles-active-8"
            />
          </div>
        </span>
        <span
          class="MuiStepLabel-labelContainer"
        >
          <span
            class="MuiTypography-root MuiStepLabel-label MuiStepLabel-alternativeLabel MuiStepLabel-active MuiTypography-body2 MuiTypography-displayBlock"
          >
            one
          </span>
        </span>
      </span>
    </div>
  </div>
</div>
`;
