// Jest Snapshot v1, https://goo.gl/fbAQLP

exports[`<ActiveTask /> renders and matches snapshot 1`] = `
<header
  class="MuiPaper-root MuiAppBar-root MuiAppBar-positionRelative MuiAppBar-colorPrimary MuiPaper-elevation4"
>
  <div
    class="MuiToolbar-root MuiToolbar-dense makeStyles-toolbarTop-2 MuiToolbar-gutters"
  >
    <img
      alt="logo"
      class="makeStyles-logo-3"
      src="logo.png"
    />
    <button
      class="MuiButtonBase-root MuiButton-root MuiButton-text"
      tabindex="0"
      type="button"
    >
      <span
        class="MuiButton-label"
      >
        <span
          class="MuiButton-startIcon MuiButton-iconSizeMedium"
        >
          <svg
            aria-hidden="true"
            class="MuiSvgIcon-root"
            focusable="false"
            role="presentation"
            viewBox="0 0 24 24"
          >
            <path
              d="M19 6.41L17.59 5 12 10.59 6.41 5 5 6.41 10.59 12 5 17.59 6.41 19 12 13.41 17.59 19 19 17.59 13.41 12z"
            />
          </svg>
        </span>
        Close
      </span>
      <span
        class="MuiTouchRipple-root"
      />
    </button>
  </div>
</header>
`;
