// Jest Snapshot v1, https://goo.gl/fbAQLP

exports[`<Jumbotron /> renders and matches snapshot 1`] = `
<header>
  <div
    class="makeStyles-root-1"
  >
    <div
      class="makeStyles-desktop-2"
    >
      <div
        class="makeStyles-prefixTitleHome-6"
      >
        <img
          alt="Score"
          class="makeStyles-logoIcon-8"
          src="[object Object]"
        />
        <h6
          class="MuiTypography-root MuiTypography-subtitle2"
        >
          Trompa collaboration campaign manager
        </h6>
      </div>
      <p
        class="MuiTypography-root MuiTypography-body1 MuiTypography-gutterBottom"
      />
    </div>
    <img
      alt=""
      class="makeStyles-image-12"
    />
  </div>
  <div
    class="makeStyles-mobile-3"
  >
    <div
      class="makeStyles-prefixTitleHome-6"
    >
      <img
        alt="Score"
        class="makeStyles-logoIcon-8"
        src="[object Object]"
      />
      <h6
        class="MuiTypography-root MuiTypography-subtitle2"
      >
        Trompa collaboration campaign manager
      </h6>
    </div>
    <p
      class="MuiTypography-root MuiTypography-body1 MuiTypography-gutterBottom"
    />
  </div>
</header>
`;
