// Jest Snapshot v1, https://goo.gl/fbAQLP

exports[`<ActiveCampaignTwoSections /> renders and matches snapshot 1`] = `
<div
  class="MuiGrid-root MuiGrid-container MuiGrid-align-items-xs-center MuiGrid-justify-xs-center"
>
  <div
    class="MuiGrid-root makeStyles-twoSections-2 makeStyles-pieceInfo-3 MuiGrid-item MuiGrid-grid-xs-12 MuiGrid-grid-md-6"
  >
    <section>
      <h2
        class="MuiTypography-root MuiTypography-h2"
      />
      <h2
        class="MuiTypography-root MuiTypography-h2"
      >
        Complete Score
      </h2>
    </section>
  </div>
  <div
    class="MuiGrid-root makeStyles-twoSections-2 makeStyles-pieceAuthor-4 MuiGrid-item MuiGrid-grid-xs-12 MuiGrid-grid-md-6"
  >
    <section>
      <h2
        class="MuiTypography-root MuiTypography-h2"
      >
        Unknown composer
      </h2>
    </section>
  </div>
</div>
`;
