// Jest Snapshot v1, https://goo.gl/fbAQLP

exports[`<SelectComposition /> renders and matches snapshot 1`] = `
<div
  class="MuiBox-root MuiBox-root-14 makeStyles-root-1"
>
  <img
    alt="person"
    class="makeStyles-person-7"
    src="personWithBass.png"
  />
  <div
    class="makeStyles-content-2"
  >
    <h1
      class="MuiTypography-root makeStyles-header-3 MuiTypography-h1"
    >
      Composition & Score
    </h1>
    <div
      class="MuiBox-root MuiBox-root-45 makeStyles-part-8"
    >
      <p
        class="MuiTypography-root MuiTypography-body1"
      >
        Let's start with the composition
      </p>
      <div
        class="MuiBox-root MuiBox-root-46 makeStyles-inputBox-9"
      >
        <div
          class="makeStyles-selectInput-10"
        >
          <p
            class="MuiTypography-root makeStyles-selectInputText-11 makeStyles-selectInputTextNoValue-12 MuiTypography-body1 MuiTypography-noWrap"
          >
            Music Composition
          </p>
          <div>
            <button
              aria-label="select_composition"
              class="MuiButtonBase-root MuiButton-root MuiButton-contained MuiButton-containedPrimary"
              tabindex="0"
              type="button"
            >
              <span
                class="MuiButton-label"
              >
                Select
              </span>
              <span
                class="MuiTouchRipple-root"
              />
            </button>
          </div>
        </div>
      </div>
      <p
        class="MuiTypography-root makeStyles-subText-6 MuiTypography-body2"
      >
        In Trompa we support a wide range of compositions
      </p>
    </div>
    <div
      class="MuiBox-root MuiBox-root-79 makeStyles-part-8"
    >
      <p
        class="MuiTypography-root MuiTypography-body1"
      >
        Score
      </p>
      <div
        class="MuiBox-root MuiBox-root-80 makeStyles-inputBox-9"
      >
        <div
          class="makeStyles-selectInput-10"
        >
          <p
            class="MuiTypography-root makeStyles-selectInputText-11 makeStyles-selectInputTextNoValue-12 MuiTypography-body1 MuiTypography-noWrap"
          >
            Score
          </p>
          <div>
            <button
              aria-label="select_score"
              class="MuiButtonBase-root MuiButton-root MuiButton-contained MuiButton-containedPrimary Mui-disabled Mui-disabled"
              disabled=""
              tabindex="-1"
              type="button"
            >
              <span
                class="MuiButton-label"
              >
                Select
              </span>
            </button>
          </div>
        </div>
      </div>
    </div>
    <div
      class="MuiBox-root MuiBox-root-81 makeStyles-formNav-5"
    >
      <button
        aria-label="Back"
        class="MuiButtonBase-root MuiButton-root MuiButton-text"
        tabindex="0"
        type="button"
      >
        <span
          class="MuiButton-label"
        >
          Back
        </span>
        <span
          class="MuiTouchRipple-root"
        />
      </button>
      <button
        aria-label="Next"
        class="MuiButtonBase-root MuiButton-root MuiButton-contained MuiButton-containedPrimary Mui-disabled Mui-disabled"
        disabled=""
        tabindex="-1"
        type="button"
      >
        <span
          class="MuiButton-label"
        >
          Next
        </span>
      </button>
    </div>
  </div>
  <img
    alt="person"
    class="makeStyles-person-7"
    src="personTrumpetStandingRight.png"
  />
</div>
`;
